// Jest Snapshot v1, https://goo.gl/fbAQLP

exports[`<WeatherCurrently /> renders correctly 1`] = `
<div>
  <canvas
    className="makeStyles-canvas-1"
    height={100}
    id="canvas"
    width={200}
  />
  <p
    aria-describedby={null}
    className="MuiTypography-root makeStyles-textShadowed-3 MuiTypography-body2 MuiTypography-noWrap MuiTypography-alignCenter"
    onBlur={[Function]}
    onFocus={[Function]}
    onMouseLeave={[Function]}
    onMouseOver={[Function]}
    onTouchEnd={[Function]}
    onTouchStart={[Function]}
    title="Los Angeles"
  >
    Los Angeles
  </p>
  <p
    aria-describedby={null}
    className="MuiTypography-root makeStyles-textShadowed-5 MuiTypography-body2 MuiTypography-noWrap MuiTypography-alignCenter"
    onBlur={[Function]}
    onFocus={[Function]}
    onMouseLeave={[Function]}
    onMouseOver={[Function]}
    onTouchEnd={[Function]}
    onTouchStart={[Function]}
    title="Partly Cloudy"
  >
    Partly Cloudy
  </p>
  <div
    className="MuiGrid-root MuiGrid-container MuiGrid-align-items-xs-center MuiGrid-justify-xs-space-around"
  >
    <div
      className="MuiGrid-root MuiGrid-item MuiGrid-grid-xs-4"
    >
      <p
        aria-describedby={null}
        className="MuiTypography-root makeStyles-textShadowed-7 MuiTypography-h4 MuiTypography-noWrap MuiTypography-alignCenter"
        onBlur={[Function]}
        onFocus={[Function]}
        onMouseLeave={[Function]}
        onMouseOver={[Function]}
        onTouchEnd={[Function]}
        onTouchStart={[Function]}
        title="28.3°C"
      >
        28°C
      </p>
      <p
        aria-describedby={null}
        className="MuiTypography-root makeStyles-textShadowed-9 MuiTypography-body2 MuiTypography-noWrap MuiTypography-alignCenter"
        onBlur={[Function]}
        onFocus={[Function]}
        onMouseLeave={[Function]}
        onMouseOver={[Function]}
        onTouchEnd={[Function]}
        onTouchStart={[Function]}
        title="Humidity: 77%"
      >
        💧 77%
      </p>
    </div>
    <div
      className="MuiGrid-root MuiGrid-item MuiGrid-grid-xs-4"
    >
      <p
        aria-describedby={null}
        className="MuiTypography-root makeStyles-textShadowed-11 MuiTypography-h2 MuiTypography-alignCenter"
        onBlur={[Function]}
        onFocus={[Function]}
        onMouseLeave={[Function]}
        onMouseOver={[Function]}
        onTouchEnd={[Function]}
        onTouchStart={[Function]}
        title="Wind: 7, UV: 4"
      >
        <i
          className="wi wi-night-alt-cloudy"
        />
      </p>
    </div>
    <div
      className="MuiGrid-root MuiGrid-item MuiGrid-grid-xs-4"
    >
      <p
        aria-describedby={null}
        className="MuiTypography-root makeStyles-textShadowed-13 MuiTypography-body2 MuiTypography-noWrap MuiTypography-alignCenter"
        onBlur={[Function]}
        onFocus={[Function]}
        onMouseLeave={[Function]}
        onMouseOver={[Function]}
        onTouchEnd={[Function]}
        onTouchStart={[Function]}
        title="29.7°C"
      >
        🥵 30°C
      </p>
      <p
        aria-describedby={null}
        className="MuiTypography-root makeStyles-textShadowed-15 MuiTypography-body2 MuiTypography-noWrap MuiTypography-alignCenter"
        onBlur={[Function]}
        onFocus={[Function]}
        onMouseLeave={[Function]}
        onMouseOver={[Function]}
        onTouchEnd={[Function]}
        onTouchStart={[Function]}
        title="22.4°C"
      >
        🥶 22°C
      </p>
    </div>
  </div>
  <p
    aria-describedby={null}
    className="MuiTypography-root makeStyles-textShadowed-17 MuiTypography-caption MuiTypography-noWrap MuiTypography-alignCenter"
    onBlur={[Function]}
    onFocus={[Function]}
    onMouseLeave={[Function]}
    onMouseOver={[Function]}
    onTouchEnd={[Function]}
    onTouchStart={[Function]}
    title="No precipitation throughout the week"
  >
    No precipitation throughout the week
  </p>
</div>
`;
